concept Схема 10 primary annot Заглавие статьи Основные понятия, используемые в Федеральном законе «О защите конкуренции» №135-ФЗ annot Номер статьи 4 annot Краткое заглавие Хозяйствующий субъект annot текст  annot номер 10 annot Законодательный акт Федеральный закон «О защите конкуренции» №135-ФЗ 
 pragma [схема
файл : "sc10.svg"размер : 740.; 0.дельта : 0.; 20.напр : вертстили : [
[стиль
ид : птбтип : прямнач : 10.; 32.дельта : 0.; 36.]
[стиль
ид : птптип : прямнач : 10.; 24.дельта : 0.; 28.]
[стиль
ид : птотип : прямнач : 10.; 20.дельта : 0.; 24.]
[стиль
ид : птутип : прямнач : 10.; 16.дельта : 0.; 20.]
[стиль
ид : птстип : прямнач : 10.; 12.дельта : 0.; 16.]
[стиль
ид : тбтип : текстшрифтразмер : "32px"]
[стиль
ид : тптип : текстшрифтразмер : "24px"]
[стиль
ид : тоснтип : текстшрифтразмер : "20px"]
[стиль
ид : тутип : текстшрифтразмер : "16px"]
[стиль
ид : тстип : текстшрифтразмер : "12px"]
]
конт : [
[блок
напр : вертравнгор : центрдельта : 0.; 20.размер : 740.; 0.конт : [
[прт
ид : кц184ширина : 200спт : [
"Хозяйствующий субъект"]
]
[соедлин
]
[опер
ид : кц197знак : "или"напр : вертконт : [
[прт
ид : кц198ширина : 250спт : [
"коммерческая организация"]
]
[прт
ид : кц199ширина : 250спт : [
"некоммерческая организация,""осуществляющая деятельность,""приносящую ей доход"]
]
[прт
ид : кц200ширина : 250спт : [
"индивидуальный предприниматель"]
]
[блок
напр : вертдельта : 0.; 20.конт : [
[прт
ид : кц201ширина : 250спт : [
"физическое лицо"]
]
[соедлин
]
[опер
ид : кц203знак : "и"напр : вертконт : [
[прт
ид : кц204ширина : 230спт : [
"не зарегистрированное""в качестве индивидуального""предпринимателя"]
]
[блок
напр : вертдельта : 0.; 20.конт : [
[прт
ид : кц205ширина : 230спт : [
"осуществляющее""профессиональную""деятельность,""приносящую доход"]
]
[соедлин
]
[опер
ид : кц206знак : "или"напр : вертконт : [
[прт
ид : кц207ширина : 230спт : [
"в силу членства""в саморегулируемой""организации"]
]
[блок
напр : вертдельта : 0.; 20.конт : [
[прт
ид : кц208ширина : 230спт : [
"в соответствии с федеральными""законами на основании"]
]
[соедлин
]
[опер
ид : кц209знак : "или"напр : вертконт : [
[прт
ид : кц210ширина : 230спт : [
"государственной регистрации"]
]
[прт
ид : кц211ширина : 230спт : [
"лицензии"]
]
]
]
]
]
]
]
]
]
]
]
]
]
]
]
]
]
[блок
напр : вертнач : 10.; 28.дельта : 0.; 40.конт : [
[мтекст
стрспис : (@((ID: рз 60) (ID: соед TUPLE: ["Схема ", (ID: аннот "номер"), ". ", (ID: аннот "Заглавие статьи"), ". ", (ID: аннот "Краткое заглавие")]))@)
шрифтразмер : "20px"дельтатекст : 20]
[текст
стр : (@(ID: соед TUPLE: ["Источник: ", (ID: аннот "Законодательный акт"), ", ст.", (ID: аннот "Номер статьи"), "."])@)
шрифтразмер : "16px"]
]
]
]
]

